[Licensing::Module] Trying to connect to existing licensing client channel...
Built from '6000.2/staging' branch; Version is '6000.2.15f1 (0707b6d1e918) revision 460726'; Using compiler version '194234433'; Build Type 'Release'
OS: 'Windows 10  (10.0.19045) 64bit Professional' Language: 'es' Physical Memory: 16326 MB
[Licensing::IpcConnector] Successfully connected to: "LicenseClient-Hector" at "2025-12-08T07:27:50.856276Z"
BatchMode: 1, IsHumanControllingUs: 0, StartBugReporterOnCrash: 0, Is64bit: 1
Date: 2025-12-08T07:27:50Z

COMMAND LINE ARGUMENTS:
D:\Unity\6000.2.15f1\Editor\Unity.exe
-adb2
-batchMode
-noUpm
-name
AssetImportWorker1
-projectPath
D:/factorial-omega-win-64/MiniGame2D/MDRG-mini2D/MDRG_MiniGame1
-logFile
Logs/AssetImportWorker1.log
-srvPort
57604
-licensingIpc
LicenseClient-Hector
-job-worker-count
3
-background-job-worker-count
8
-gc-helper-count
1
-name
AssetImport
Successfully changed project path to: D:/factorial-omega-win-64/MiniGame2D/MDRG-mini2D/MDRG_MiniGame1
D:/factorial-omega-win-64/MiniGame2D/MDRG-mini2D/MDRG_MiniGame1
[UnityMemory] Configuration Parameters - Can be set up in boot.config
    "memorysetup-allocator-temp-initial-block-size-main=262144"
    "memorysetup-allocator-temp-initial-block-size-worker=262144"
    "memorysetup-bucket-allocator-granularity=16"
    "memorysetup-bucket-allocator-bucket-count=8"
    "memorysetup-bucket-allocator-block-size=33554432"
    "memorysetup-bucket-allocator-block-count=8"
    "memorysetup-main-allocator-block-size=16777216"
    "memorysetup-thread-allocator-block-size=16777216"
    "memorysetup-gfx-main-allocator-block-size=16777216"
    "memorysetup-gfx-thread-allocator-block-size=16777216"
    "memorysetup-cache-allocator-block-size=4194304"
    "memorysetup-typetree-allocator-block-size=2097152"
    "memorysetup-profiler-bucket-allocator-granularity=16"
    "memorysetup-profiler-bucket-allocator-bucket-count=8"
    "memorysetup-profiler-bucket-allocator-block-size=33554432"
    "memorysetup-profiler-bucket-allocator-block-count=8"
    "memorysetup-profiler-allocator-block-size=16777216"
    "memorysetup-profiler-editor-allocator-block-size=1048576"
    "memorysetup-temp-allocator-size-main=16777216"
    "memorysetup-job-temp-allocator-block-size=2097152"
    "memorysetup-job-temp-allocator-block-size-background=1048576"
    "memorysetup-job-temp-allocator-reduction-small-platforms=262144"
    "memorysetup-temp-allocator-size-background-worker=32768"
    "memorysetup-temp-allocator-size-job-worker=262144"
    "memorysetup-temp-allocator-size-preload-manager=33554432"
    "memorysetup-temp-allocator-size-nav-mesh-worker=65536"
    "memorysetup-temp-allocator-size-audio-worker=65536"
    "memorysetup-temp-allocator-size-cloud-worker=32768"
    "memorysetup-temp-allocator-size-gi-baking-worker=262144"
    "memorysetup-temp-allocator-size-gi-baking-worker=262144"
    "memorysetup-temp-allocator-size-gi-baking-worker=262144"
    "memorysetup-temp-allocator-size-gi-baking-worker=262144"
    "memorysetup-temp-allocator-size-gi-baking-worker=262144"
    "memorysetup-temp-allocator-size-gfx=262144"
Player connection [3880]  Target information:

Player connection [3880]  * "[IP] 192.168.1.39 [Port] 0 [Flags] 2 [Guid] 1531007841 [EditorId] 1531007841 [Version] 1048832 [Id] WindowsEditor(7,DESKTOP-G081KS2) [Debug] 1 [PackageName] WindowsEditor [ProjectName] Editor" 

Player connection [3880] Host joined multi-casting on [225.0.0.222:54997]...
Player connection [3880] Host joined alternative multi-casting on [225.0.0.222:34997]...
JobSystem: Creating JobQueue using job-worker-count value 3
Input System module state changed to: Initialized.
[Physics::Module] Initialized fallback backend.
[Physics::Module] Id: 0xdecafbad
Library Redirect Path: Library/
[Physics::Module] Selected backend.
[Physics::Module] Name: PhysX
[Physics::Module] Id: 0xf2b8ea05
[Physics::Module] SDK Version: 4.1.2
[Physics::Module] Integration Version: 1.0.0
[Physics::Module] Threading Mode: Multi-Threaded
Refreshing native plugins compatible for Editor in 7.80 ms, found 4 plugins.
Preloading 0 native plugins for Editor in 0.00 ms.
Initialize engine version: 6000.2.15f1 (0707b6d1e918)
[Subsystems] Discovering subsystems at path D:/Unity/6000.2.15f1/Editor/Data/Resources/UnitySubsystems
[Subsystems] Discovering subsystems at path D:/factorial-omega-win-64/MiniGame2D/MDRG-mini2D/MDRG_MiniGame1/Assets
GfxDevice: creating device client; kGfxThreadingModeNonThreaded
Direct3D:
    Version:  Direct3D 11.0 [level 11.1]
    Renderer: NVIDIA GeForce GTX 970 (ID=0x13c2)
    Vendor:   NVIDIA
    VRAM:     4030 MB
    Driver:   32.0.15.6094
Initialize mono
Mono path[0] = 'D:/Unity/6000.2.15f1/Editor/Data/Managed'
Mono path[1] = 'D:/Unity/6000.2.15f1/Editor/Data/MonoBleedingEdge/lib/mono/unityjit-win32'
Mono config path = 'D:/Unity/6000.2.15f1/Editor/Data/MonoBleedingEdge/etc'
Using monoOptions --debugger-agent=transport=dt_socket,embedding=1,server=y,suspend=n,address=127.0.0.1:56540
Begin MonoManager ReloadAssembly
Registering precompiled unity dll's ...
Register platform support module: D:/Unity/6000.2.15f1/Editor/Data/PlaybackEngines/WebGLSupport/UnityEditor.WebGL.Extensions.dll
Register platform support module: D:/Unity/6000.2.15f1/Editor/Data/PlaybackEngines/MacStandaloneSupport/UnityEditor.OSXStandalone.Extensions.dll
Register platform support module: D:/Unity/6000.2.15f1/Editor/Data/PlaybackEngines/WindowsStandaloneSupport/UnityEditor.WindowsStandalone.Extensions.dll
[Licensing::Module] Licensing is not yet initialized.
[Licensing::Client] Error: HandshakeResponse reported an error:
	ResponseCode: 505
	ResponseStatus: Unsupported protocol version '1.17.4'.
[Licensing::Module] Error: Failed to handshake to channel: "LicenseClient-Hector"
[Licensing::IpcConnector] LicenseClient-Hector channel disconnected successfully.
[Licensing::IpcConnector] Successfully connected to: "LicenseClient-Hector-6000.2.15" at "2025-12-08T07:27:53.1862917Z"
[Licensing::Client] Handshaking with LicensingClient:
  Version:                 1.17.4+4293ba1
  Session Id:              540d6b5e05d547e6b28db753eaa9435e
  Correlation Id:          fec672e2cd5b62d0b1bc61db8e312276
  External correlation Id: 6453540505297935073
  Machine Id:              XT8v1AEGxaRv6DD9oeST8EnIHBY=
[Licensing::Module] Successfully connected to LicensingClient on channel: "LicenseClient-Hector-6000.2.15" (connect: 0.00s, validation: 0.00s, handshake: 1.89s)
[Licensing::IpcConnector] Successfully connected to: "LicenseClient-Hector-6000.2.15-notifications" at "2025-12-08T07:27:55.0751375Z"
[Licensing::Module] Licensing Background thread has ended after 4.22s
[Licensing::Module] Licensing is initialized (took 2.72s).
[Licensing::Client] Successfully resolved entitlement details
[Licensing::Module] License group:
  Id: 2616096-UnityPersXXXX
  Product: Unity Personal
  Type: Assigned
  Expiration: Unlimited
Register platform support module: D:/Unity/6000.2.15f1/Editor/Data/PlaybackEngines/AndroidPlayer/UnityEditor.Android.Extensions.dll
Registered in 2.745068 seconds.
- Loaded All Assemblies, in  3.574 seconds
Native extension for Android target not found
Android Extension - Scanning For ADB Devices 378 ms
Native extension for WindowsStandalone target not found
Native extension for OSXStandalone target not found
Native extension for WebGL target not found
Mono: successfully reloaded assembly
- Finished resetting the current domain, in  1.019 seconds
Domain Reload Profiling: 4578ms
	BeginReloadAssembly (299ms)
		ExecutionOrderSort (0ms)
		DisableScriptedObjects (0ms)
		BackupInstance (0ms)
		ReleaseScriptingObjects (0ms)
		CreateAndSetChildDomain (1ms)
	RebuildCommonClasses (89ms)
	RebuildNativeTypeToScriptingClass (25ms)
	initialDomainReloadingComplete (2842ms)
	LoadAllAssembliesAndSetupDomain (304ms)
		LoadAssemblies (279ms)
		RebuildTransferFunctionScriptingTraits (0ms)
		AnalyzeDomain (297ms)
			TypeCache.Refresh (295ms)
				TypeCache.ScanAssembly (267ms)
			BuildScriptInfoCaches (0ms)
			ResolveRequiredComponents (1ms)
	FinalizeReload (1019ms)
		ReleaseScriptCaches (0ms)
		RebuildScriptCaches (0ms)
		SetupLoadedEditorAssemblies (956ms)
			LogAssemblyErrors (0ms)
			InitializePlatformSupportModulesInManaged (574ms)
			SetLoadedEditorAssemblies (5ms)
			BeforeProcessingInitializeOnLoad (98ms)
			ProcessInitializeOnLoadAttributes (183ms)
			ProcessInitializeOnLoadMethodAttributes (96ms)
			AfterProcessingInitializeOnLoad (0ms)
			EditorAssembliesLoaded (0ms)
		ExecutionOrderSort2 (0ms)
		AwakeInstancesAfterBackupRestoration (0ms)
========================================================================
Worker process is ready to serve import requests
Import Worker Mode flag is 0x00
Begin MonoManager ReloadAssembly
[Licensing::Client] Successfully resolved entitlement details
- Loaded All Assemblies, in  1.593 seconds
Refreshing native plugins compatible for Editor in 4.13 ms, found 4 plugins.
Native extension for Android target not found
Native extension for WindowsStandalone target not found
Native extension for OSXStandalone target not found
Native extension for WebGL target not found
Package Manager log level set to [2]
[Package Manager] Failed to launch server process. Reason: Unity was launched with the -noUpm command-line argument
[Package Manager] Unable to send message (not connected to server process).
[Package Manager] Cannot connect to Unity Package Manager local server
Mono: successfully reloaded assembly
- Finished resetting the current domain, in  1.277 seconds
Domain Reload Profiling: 2839ms
	BeginReloadAssembly (304ms)
		ExecutionOrderSort (0ms)
		DisableScriptedObjects (8ms)
		BackupInstance (0ms)
		ReleaseScriptingObjects (0ms)
		CreateAndSetChildDomain (47ms)
	RebuildCommonClasses (53ms)
	RebuildNativeTypeToScriptingClass (22ms)
	initialDomainReloadingComplete (77ms)
	LoadAllAssembliesAndSetupDomain (1106ms)
		LoadAssemblies (831ms)
		RebuildTransferFunctionScriptingTraits (0ms)
		AnalyzeDomain (440ms)
			TypeCache.Refresh (324ms)
				TypeCache.ScanAssembly (298ms)
			BuildScriptInfoCaches (94ms)
			ResolveRequiredComponents (18ms)
	FinalizeReload (1278ms)
		ReleaseScriptCaches (0ms)
		RebuildScriptCaches (0ms)
		SetupLoadedEditorAssemblies (1048ms)
			LogAssemblyErrors (0ms)
			InitializePlatformSupportModulesInManaged (17ms)
			SetLoadedEditorAssemblies (7ms)
			BeforeProcessingInitializeOnLoad (262ms)
			ProcessInitializeOnLoadAttributes (559ms)
			ProcessInitializeOnLoadMethodAttributes (182ms)
			AfterProcessingInitializeOnLoad (21ms)
			EditorAssembliesLoaded (0ms)
		ExecutionOrderSort2 (0ms)
		AwakeInstancesAfterBackupRestoration (15ms)
Launched and connected shader compiler UnityShaderCompiler.exe after 0.03 seconds
Refreshing native plugins compatible for Editor in 5.98 ms, found 4 plugins.
Preloading 0 native plugins for Editor in 0.00 ms.
Unloading 14 Unused Serialized files (Serialized files now loaded: 0)
Unloading 6792 unused Assets / (4.7 MB). Loaded Objects now: 7523.
Memory consumption went from 139.3 MB to 134.6 MB.
Total: 23.885500 ms (FindLiveObjects: 1.618500 ms CreateObjectMapping: 1.951700 ms MarkObjects: 14.830100 ms  DeleteObjects: 5.482400 ms)

========================================================================
Received Import Request.
  Time since last request: 1004732.075346 seconds.
  path: Assets/2D/Environment/MainMenuBackground_1.png
  artifactKey: Guid(524f0e589421d254084d880cd4af975c) Importer(815301076,1909f56bfc062723c751e8b465ee728b)
Start importing Assets/2D/Environment/MainMenuBackground_1.png using Guid(524f0e589421d254084d880cd4af975c) Importer(815301076,1909f56bfc062723c751e8b465ee728b) (PreviewImporter)[Licensing::Client] Successfully resolved entitlement details
 -> (artifact id: '5fa2d440778b325ed2de8bad237e6251') in 0.3187971 seconds
Number of updated asset objects reloaded before import = 0Number of asset objects unloaded after import = 8

========================================================================
Received Import Request.
  Time since last request: 0.000034 seconds.
  path: Assets/2D/Environment/MainMenuBackground_2.png
  artifactKey: Guid(5ff4c10e89276994395b78b387516db8) Importer(815301076,1909f56bfc062723c751e8b465ee728b)
Start importing Assets/2D/Environment/MainMenuBackground_2.png using Guid(5ff4c10e89276994395b78b387516db8) Importer(815301076,1909f56bfc062723c751e8b465ee728b) (PreviewImporter) -> (artifact id: '760776b72c3acd0a245db9986e007b1a') in 0.0278241 seconds
Number of updated asset objects reloaded before import = 0Number of asset objects unloaded after import = 3

========================================================================
Received Prepare
Begin MonoManager ReloadAssembly
[Licensing::Client] Successfully resolved entitlement details
- Loaded All Assemblies, in  1.352 seconds
Refreshing native plugins compatible for Editor in 5.68 ms, found 4 plugins.
Native extension for Android target not found
Native extension for WindowsStandalone target not found
Native extension for OSXStandalone target not found
Native extension for WebGL target not found
[Package Manager] Failed to launch server process. Reason: Unity was launched with the -noUpm command-line argument
[Package Manager] Unable to send message (not connected to server process).
[Package Manager] Cannot connect to Unity Package Manager local server
Mono: successfully reloaded assembly
- Finished resetting the current domain, in  1.090 seconds
Domain Reload Profiling: 2423ms
	BeginReloadAssembly (363ms)
		ExecutionOrderSort (0ms)
		DisableScriptedObjects (21ms)
		BackupInstance (0ms)
		ReleaseScriptingObjects (0ms)
		CreateAndSetChildDomain (86ms)
	RebuildCommonClasses (62ms)
	RebuildNativeTypeToScriptingClass (19ms)
	initialDomainReloadingComplete (58ms)
	LoadAllAssembliesAndSetupDomain (831ms)
		LoadAssemblies (704ms)
		RebuildTransferFunctionScriptingTraits (0ms)
		AnalyzeDomain (278ms)
			TypeCache.Refresh (9ms)
				TypeCache.ScanAssembly (0ms)
			BuildScriptInfoCaches (246ms)
			ResolveRequiredComponents (16ms)
	FinalizeReload (1090ms)
		ReleaseScriptCaches (0ms)
		RebuildScriptCaches (0ms)
		SetupLoadedEditorAssemblies (850ms)
			LogAssemblyErrors (0ms)
			InitializePlatformSupportModulesInManaged (17ms)
			SetLoadedEditorAssemblies (6ms)
			BeforeProcessingInitializeOnLoad (233ms)
			ProcessInitializeOnLoadAttributes (490ms)
			ProcessInitializeOnLoadMethodAttributes (84ms)
			AfterProcessingInitializeOnLoad (19ms)
			EditorAssembliesLoaded (0ms)
		ExecutionOrderSort2 (0ms)
		AwakeInstancesAfterBackupRestoration (31ms)
Refreshing native plugins compatible for Editor in 4.19 ms, found 4 plugins.
Preloading 0 native plugins for Editor in 0.00 ms.
Unloading 14 Unused Serialized files (Serialized files now loaded: 0)
Unloading 6790 unused Assets / (3.9 MB). Loaded Objects now: 7548.
Memory consumption went from 145.9 MB to 142.1 MB.
Total: 12.574600 ms (FindLiveObjects: 1.402700 ms CreateObjectMapping: 1.252300 ms MarkObjects: 7.383600 ms  DeleteObjects: 2.534800 ms)

Prepare: number of updated asset objects reloaded= 0
========================================================================
Received Prepare
Begin MonoManager ReloadAssembly
[Licensing::Client] Successfully resolved entitlement details
- Loaded All Assemblies, in  1.245 seconds
Refreshing native plugins compatible for Editor in 4.08 ms, found 4 plugins.
Native extension for Android target not found
Native extension for WindowsStandalone target not found
Native extension for OSXStandalone target not found
Native extension for WebGL target not found
[Package Manager] Failed to launch server process. Reason: Unity was launched with the -noUpm command-line argument
[Package Manager] Unable to send message (not connected to server process).
[Package Manager] Cannot connect to Unity Package Manager local server
Mono: successfully reloaded assembly
- Finished resetting the current domain, in  1.091 seconds
Domain Reload Profiling: 2314ms
	BeginReloadAssembly (321ms)
		ExecutionOrderSort (0ms)
		DisableScriptedObjects (22ms)
		BackupInstance (0ms)
		ReleaseScriptingObjects (0ms)
		CreateAndSetChildDomain (59ms)
	RebuildCommonClasses (53ms)
	RebuildNativeTypeToScriptingClass (17ms)
	initialDomainReloadingComplete (64ms)
	LoadAllAssembliesAndSetupDomain (769ms)
		LoadAssemblies (629ms)
		RebuildTransferFunctionScriptingTraits (0ms)
		AnalyzeDomain (286ms)
			TypeCache.Refresh (9ms)
				TypeCache.ScanAssembly (0ms)
			BuildScriptInfoCaches (258ms)
			ResolveRequiredComponents (14ms)
	FinalizeReload (1091ms)
		ReleaseScriptCaches (0ms)
		RebuildScriptCaches (0ms)
		SetupLoadedEditorAssemblies (841ms)
			LogAssemblyErrors (0ms)
			InitializePlatformSupportModulesInManaged (19ms)
			SetLoadedEditorAssemblies (6ms)
			BeforeProcessingInitializeOnLoad (247ms)
			ProcessInitializeOnLoadAttributes (457ms)
			ProcessInitializeOnLoadMethodAttributes (89ms)
			AfterProcessingInitializeOnLoad (23ms)
			EditorAssembliesLoaded (0ms)
		ExecutionOrderSort2 (0ms)
		AwakeInstancesAfterBackupRestoration (33ms)
Refreshing native plugins compatible for Editor in 4.57 ms, found 4 plugins.
Preloading 0 native plugins for Editor in 0.00 ms.
Unloading 14 Unused Serialized files (Serialized files now loaded: 0)
Unloading 6790 unused Assets / (5.2 MB). Loaded Objects now: 7551.
Memory consumption went from 146.0 MB to 140.8 MB.
Total: 14.932600 ms (FindLiveObjects: 0.794600 ms CreateObjectMapping: 1.166100 ms MarkObjects: 8.851000 ms  DeleteObjects: 4.119300 ms)

Prepare: number of updated asset objects reloaded= 0
========================================================================
Received Prepare
Begin MonoManager ReloadAssembly
- Loaded All Assemblies, in  1.243 seconds
Refreshing native plugins compatible for Editor in 4.35 ms, found 4 plugins.
Native extension for Android target not found
Native extension for WindowsStandalone target not found
Native extension for OSXStandalone target not found
Native extension for WebGL target not found
[Package Manager] Failed to launch server process. Reason: Unity was launched with the -noUpm command-line argument
[Package Manager] Unable to send message (not connected to server process).
[Package Manager] Cannot connect to Unity Package Manager local server
Mono: successfully reloaded assembly
- Finished resetting the current domain, in  1.085 seconds
Domain Reload Profiling: 2307ms
	BeginReloadAssembly (318ms)
		ExecutionOrderSort (0ms)
		DisableScriptedObjects (23ms)
		BackupInstance (0ms)
		ReleaseScriptingObjects (0ms)
		CreateAndSetChildDomain (58ms)
	RebuildCommonClasses (52ms)
	RebuildNativeTypeToScriptingClass (25ms)
	initialDomainReloadingComplete (52ms)
	LoadAllAssembliesAndSetupDomain (774ms)
		LoadAssemblies (634ms)
		RebuildTransferFunctionScriptingTraits (0ms)
		AnalyzeDomain (284ms)
			TypeCache.Refresh (9ms)
				TypeCache.ScanAssembly (0ms)
			BuildScriptInfoCaches (253ms)
			ResolveRequiredComponents (17ms)
	FinalizeReload (1086ms)
		ReleaseScriptCaches (0ms)
		RebuildScriptCaches (0ms)
		SetupLoadedEditorAssemblies (831ms)
			LogAssemblyErrors (0ms)
			InitializePlatformSupportModulesInManaged (19ms)
			SetLoadedEditorAssemblies (10ms)
			BeforeProcessingInitializeOnLoad (225ms)
			ProcessInitializeOnLoadAttributes (472ms)
			ProcessInitializeOnLoadMethodAttributes (84ms)
			AfterProcessingInitializeOnLoad (21ms)
			EditorAssembliesLoaded (0ms)
		ExecutionOrderSort2 (0ms)
		AwakeInstancesAfterBackupRestoration (28ms)
Refreshing native plugins compatible for Editor in 5.70 ms, found 4 plugins.
Preloading 0 native plugins for Editor in 0.00 ms.
Unloading 14 Unused Serialized files (Serialized files now loaded: 0)
Unloading 6790 unused Assets / (4.4 MB). Loaded Objects now: 7554.
Memory consumption went from 146.0 MB to 141.6 MB.
Total: 13.452300 ms (FindLiveObjects: 1.318200 ms CreateObjectMapping: 1.208700 ms MarkObjects: 8.192800 ms  DeleteObjects: 2.731600 ms)

Prepare: number of updated asset objects reloaded= 0
========================================================================
Received Prepare
Begin MonoManager ReloadAssembly
[Licensing::Client] Successfully resolved entitlement details
- Loaded All Assemblies, in  1.298 seconds
Refreshing native plugins compatible for Editor in 4.64 ms, found 4 plugins.
Native extension for Android target not found
Native extension for WindowsStandalone target not found
Native extension for OSXStandalone target not found
Native extension for WebGL target not found
[Package Manager] Failed to launch server process. Reason: Unity was launched with the -noUpm command-line argument
[Package Manager] Unable to send message (not connected to server process).
[Package Manager] Cannot connect to Unity Package Manager local server
Mono: successfully reloaded assembly
- Finished resetting the current domain, in  1.127 seconds
Domain Reload Profiling: 2404ms
	BeginReloadAssembly (321ms)
		ExecutionOrderSort (0ms)
		DisableScriptedObjects (18ms)
		BackupInstance (0ms)
		ReleaseScriptingObjects (0ms)
		CreateAndSetChildDomain (66ms)
	RebuildCommonClasses (48ms)
	RebuildNativeTypeToScriptingClass (17ms)
	initialDomainReloadingComplete (52ms)
	LoadAllAssembliesAndSetupDomain (838ms)
		LoadAssemblies (617ms)
		RebuildTransferFunctionScriptingTraits (0ms)
		AnalyzeDomain (360ms)
			TypeCache.Refresh (9ms)
				TypeCache.ScanAssembly (0ms)
			BuildScriptInfoCaches (328ms)
			ResolveRequiredComponents (18ms)
	FinalizeReload (1128ms)
		ReleaseScriptCaches (0ms)
		RebuildScriptCaches (0ms)
		SetupLoadedEditorAssemblies (875ms)
			LogAssemblyErrors (0ms)
			InitializePlatformSupportModulesInManaged (17ms)
			SetLoadedEditorAssemblies (8ms)
			BeforeProcessingInitializeOnLoad (241ms)
			ProcessInitializeOnLoadAttributes (489ms)
			ProcessInitializeOnLoadMethodAttributes (94ms)
			AfterProcessingInitializeOnLoad (25ms)
			EditorAssembliesLoaded (0ms)
		ExecutionOrderSort2 (0ms)
		AwakeInstancesAfterBackupRestoration (34ms)
Refreshing native plugins compatible for Editor in 4.70 ms, found 4 plugins.
Preloading 0 native plugins for Editor in 0.00 ms.
Unloading 14 Unused Serialized files (Serialized files now loaded: 0)
Unloading 6790 unused Assets / (4.4 MB). Loaded Objects now: 7557.
Memory consumption went from 146.1 MB to 141.6 MB.
Total: 13.822500 ms (FindLiveObjects: 0.970000 ms CreateObjectMapping: 1.764200 ms MarkObjects: 8.301200 ms  DeleteObjects: 2.785900 ms)

Prepare: number of updated asset objects reloaded= 0
========================================================================
Received Import Request.
  Time since last request: 1602.500448 seconds.
  path: Assets/Resources/Prefabs/KidSleddingR.prefab
  artifactKey: Guid(35812e528ae5058428139a11d5c0cc19) Importer(2089858483,192608db42251d675da83286b1cce702)
Start importing Assets/Resources/Prefabs/KidSleddingR.prefab using Guid(35812e528ae5058428139a11d5c0cc19) Importer(2089858483,192608db42251d675da83286b1cce702) (ScriptedImporter) -> (artifact id: 'b71a70f8c8ee8695e6bbf4695fe50fba') in 0.3346636 seconds
Number of updated asset objects reloaded before import = 0Number of asset objects unloaded after import = 16

========================================================================
Received Import Request.
  Time since last request: 0.000016 seconds.
  path: Assets/2D/Environment/MenuBackground.svg
  artifactKey: Guid(2386194358b88ff4f9a35910236a3e55) Importer(2089858483,192608db42251d675da83286b1cce702)
Start importing Assets/2D/Environment/MenuBackground.svg using Guid(2386194358b88ff4f9a35910236a3e55) Importer(2089858483,192608db42251d675da83286b1cce702) (ScriptedImporter) -> (artifact id: '3bb615ce71a0fdda712b11a4b9064695') in 0.0053378 seconds
Number of updated asset objects reloaded before import = 0Number of asset objects unloaded after import = 1

========================================================================
Received Import Request.
  Time since last request: 0.000024 seconds.
  path: Assets/Animations/JunRigged/GunsUp.anim
  artifactKey: Guid(ba764379215e97e47af76f62f95c63f4) Importer(2089858483,192608db42251d675da83286b1cce702)
Start importing Assets/Animations/JunRigged/GunsUp.anim using Guid(ba764379215e97e47af76f62f95c63f4) Importer(2089858483,192608db42251d675da83286b1cce702) (ScriptedImporter) -> (artifact id: 'b9d4980777f1ed597176a79ab11b2137') in 0.0841012 seconds
Number of updated asset objects reloaded before import = 0Number of asset objects unloaded after import = 1

========================================================================
Received Import Request.
  Time since last request: 0.000017 seconds.
  path: Assets/Animations/Snowman/Snowman1.controller
  artifactKey: Guid(4cbfa3840d32f634a8c8bdc2fcb4f158) Importer(2089858483,192608db42251d675da83286b1cce702)
Start importing Assets/Animations/Snowman/Snowman1.controller using Guid(4cbfa3840d32f634a8c8bdc2fcb4f158) Importer(2089858483,192608db42251d675da83286b1cce702) (ScriptedImporter) -> (artifact id: '69ddb4c1e7bb4809f8860bd989d71911') in 0.1301772 seconds
Number of updated asset objects reloaded before import = 0Number of asset objects unloaded after import = 4

========================================================================
Received Import Request.
  Time since last request: 0.000018 seconds.
  path: Assets/Animations/Snowman
  artifactKey: Guid(f38f8d70ebc096d44b2cd795c00a818b) Importer(2089858483,192608db42251d675da83286b1cce702)
Start importing Assets/Animations/Snowman using Guid(f38f8d70ebc096d44b2cd795c00a818b) Importer(2089858483,192608db42251d675da83286b1cce702) (ScriptedImporter) -> (artifact id: '3d48683b123687857f1ad235136a2861') in 0.005028 seconds
Number of updated asset objects reloaded before import = 0Number of asset objects unloaded after import = 1

========================================================================
Received Import Request.
  Time since last request: 0.000029 seconds.
  path: Assets/Scripts/SpecificEvents/ShootingRange/MiniGameManager.cs
  artifactKey: Guid(dba0b04f2212c974f93d5f79ecc88ca5) Importer(2089858483,192608db42251d675da83286b1cce702)
Start importing Assets/Scripts/SpecificEvents/ShootingRange/MiniGameManager.cs using Guid(dba0b04f2212c974f93d5f79ecc88ca5) Importer(2089858483,192608db42251d675da83286b1cce702) (ScriptedImporter) -> (artifact id: '6dbf8b6ac2fbc0376a0e27e35a0d85aa') in 0.0777846 seconds
Number of updated asset objects reloaded before import = 0Number of asset objects unloaded after import = 0

========================================================================
Received Import Request.
  Time since last request: 0.000014 seconds.
  path: Assets/2D/Environment/MainMenuBackground_0.png
  artifactKey: Guid(d9ea7f6004cd02140bdebbf140878df7) Importer(2089858483,192608db42251d675da83286b1cce702)
Start importing Assets/2D/Environment/MainMenuBackground_0.png using Guid(d9ea7f6004cd02140bdebbf140878df7) Importer(2089858483,192608db42251d675da83286b1cce702) (ScriptedImporter) -> (artifact id: 'd141b66881fb186fc4a3d3bb2507b007') in 0.0646367 seconds
Number of updated asset objects reloaded before import = 0Number of asset objects unloaded after import = 3

========================================================================
Received Import Request.
  Time since last request: 0.000017 seconds.
  path: Assets/2D/Characters/NPC/Snowman1ball.png
  artifactKey: Guid(e1d909aec0f77284794bd68df328a386) Importer(2089858483,192608db42251d675da83286b1cce702)
Start importing Assets/2D/Characters/NPC/Snowman1ball.png using Guid(e1d909aec0f77284794bd68df328a386) Importer(2089858483,192608db42251d675da83286b1cce702) (ScriptedImporter) -> (artifact id: '4ca5c75995350f9e0ec5e98cc9355a36') in 0.0725516 seconds
Number of updated asset objects reloaded before import = 0Number of asset objects unloaded after import = 3

========================================================================
Received Import Request.
  Time since last request: 0.000024 seconds.
  path: Assets/Resources/Prefabs/Snowman3.prefab
  artifactKey: Guid(b906867e25e0f3e4a8329125d6b57b76) Importer(2089858483,192608db42251d675da83286b1cce702)
Start importing Assets/Resources/Prefabs/Snowman3.prefab using Guid(b906867e25e0f3e4a8329125d6b57b76) Importer(2089858483,192608db42251d675da83286b1cce702) (ScriptedImporter) -> (artifact id: '136aa9d7a2746dc0a81e13e591f9be68') in 0.2054565 seconds
Number of updated asset objects reloaded before import = 0Number of asset objects unloaded after import = 12

========================================================================
Received Import Request.
  Time since last request: 0.000019 seconds.
  path: Assets/Scenes/Menu.unity
  artifactKey: Guid(26f527e29941d8f4db38249d6c90b715) Importer(2089858483,192608db42251d675da83286b1cce702)
Start importing Assets/Scenes/Menu.unity using Guid(26f527e29941d8f4db38249d6c90b715) Importer(2089858483,192608db42251d675da83286b1cce702) (ScriptedImporter) -> (artifact id: '279aee2f33b6d4dbd7af77f4dae8e9ff') in 0.0308127 seconds
Number of updated asset objects reloaded before import = 0Number of asset objects unloaded after import = 1

========================================================================
Received Import Request.
  Time since last request: 0.000027 seconds.
  path: Assets/Animations/UI/OutAmmoText (TMP).controller
  artifactKey: Guid(fb99d9f0236df044290c236ea2d994d6) Importer(2089858483,192608db42251d675da83286b1cce702)
Start importing Assets/Animations/UI/OutAmmoText (TMP).controller using Guid(fb99d9f0236df044290c236ea2d994d6) Importer(2089858483,192608db42251d675da83286b1cce702) (ScriptedImporter) -> (artifact id: '29ed1da8bfaaa72723f01b599d89f5a9') in 0.0800773 seconds
Number of updated asset objects reloaded before import = 0Number of asset objects unloaded after import = 4

========================================================================
Received Import Request.
  Time since last request: 0.000014 seconds.
  path: Assets/Animations/NPC
  artifactKey: Guid(dc62fe8935b9c274d8f51ec531e61904) Importer(2089858483,192608db42251d675da83286b1cce702)
Start importing Assets/Animations/NPC using Guid(dc62fe8935b9c274d8f51ec531e61904) Importer(2089858483,192608db42251d675da83286b1cce702) (ScriptedImporter) -> (artifact id: '6166019b2476aeb3bb9660026fd3d213') in 0.0039988 seconds
Number of updated asset objects reloaded before import = 0Number of asset objects unloaded after import = 1

========================================================================
Received Import Request.
  Time since last request: 0.000016 seconds.
  path: Assets/Animations/JunRigged/Hello.anim
  artifactKey: Guid(3d50ca7aefa0cc043a554eecd48b89a8) Importer(2089858483,192608db42251d675da83286b1cce702)
Start importing Assets/Animations/JunRigged/Hello.anim using Guid(3d50ca7aefa0cc043a554eecd48b89a8) Importer(2089858483,192608db42251d675da83286b1cce702) (ScriptedImporter) -> (artifact id: '73b77f011d25dec6aa77a77f17d5f4cf') in 0.0072367 seconds
Number of updated asset objects reloaded before import = 0Number of asset objects unloaded after import = 1

========================================================================
Received Import Request.
  Time since last request: 0.000023 seconds.
  path: Assets/Animations/Snowman/Snowman3.controller
  artifactKey: Guid(0c2baa048a6d1dd48964792bd1ffd756) Importer(2089858483,192608db42251d675da83286b1cce702)
Start importing Assets/Animations/Snowman/Snowman3.controller using Guid(0c2baa048a6d1dd48964792bd1ffd756) Importer(2089858483,192608db42251d675da83286b1cce702) (ScriptedImporter) -> (artifact id: '9ca31606482f1563b6511f64b0ef9b70') in 0.0214911 seconds
Number of updated asset objects reloaded before import = 0Number of asset objects unloaded after import = 4

========================================================================
Received Import Request.
  Time since last request: 0.000015 seconds.
  path: Assets/Scripts/SpecificEvents/Obstacles/ButtonLeft.cs
  artifactKey: Guid(ec74c84ae3902d841ae3512cc43dd0e6) Importer(2089858483,192608db42251d675da83286b1cce702)
Start importing Assets/Scripts/SpecificEvents/Obstacles/ButtonLeft.cs using Guid(ec74c84ae3902d841ae3512cc43dd0e6) Importer(2089858483,192608db42251d675da83286b1cce702) (ScriptedImporter) -> (artifact id: 'ee0ed10f758100bc66b6a43d1bea71b7') in 0.0291974 seconds
Number of updated asset objects reloaded before import = 0Number of asset objects unloaded after import = 0

========================================================================
Received Import Request.
  Time since last request: 0.000016 seconds.
  path: Assets/2D/Characters/NPC/SnowmanFull.png
  artifactKey: Guid(f6725c45010943d41b01fac7fd37eb55) Importer(2089858483,192608db42251d675da83286b1cce702)
Start importing Assets/2D/Characters/NPC/SnowmanFull.png using Guid(f6725c45010943d41b01fac7fd37eb55) Importer(2089858483,192608db42251d675da83286b1cce702) (ScriptedImporter) -> (artifact id: '321ba55172ced36fb2d3e0879e144071') in 0.0152381 seconds
Number of updated asset objects reloaded before import = 0Number of asset objects unloaded after import = 3

========================================================================
Received Import Request.
  Time since last request: 0.000035 seconds.
  path: Assets/2D/Material/MenuParticles.mat
  artifactKey: Guid(51d046048280e7b41af1ea08badb4b65) Importer(2089858483,192608db42251d675da83286b1cce702)
Start importing Assets/2D/Material/MenuParticles.mat using Guid(51d046048280e7b41af1ea08badb4b65) Importer(2089858483,192608db42251d675da83286b1cce702) (ScriptedImporter) -> (artifact id: '199ca29e79f4950964b5db7ce579cd86') in 0.0097796 seconds
Number of updated asset objects reloaded before import = 0Number of asset objects unloaded after import = 2

========================================================================
Received Import Request.
  Time since last request: 0.000016 seconds.
  path: Assets/Animations/JunRigged/JunRigged.controller
  artifactKey: Guid(3df5177281125a247b08f4963c71d027) Importer(2089858483,192608db42251d675da83286b1cce702)
Start importing Assets/Animations/JunRigged/JunRigged.controller using Guid(3df5177281125a247b08f4963c71d027) Importer(2089858483,192608db42251d675da83286b1cce702) (ScriptedImporter) -> (artifact id: '08eb67b658b7d586bdab0d61dc2d74ac') in 0.0295674 seconds
Number of updated asset objects reloaded before import = 0Number of asset objects unloaded after import = 82

========================================================================
Received Import Request.
  Time since last request: 0.000019 seconds.
  path: Assets/Resources/Prefabs/KidSleddingL.prefab
  artifactKey: Guid(d462b6711f9a4da49801d5734553d93f) Importer(2089858483,192608db42251d675da83286b1cce702)
Start importing Assets/Resources/Prefabs/KidSleddingL.prefab using Guid(d462b6711f9a4da49801d5734553d93f) Importer(2089858483,192608db42251d675da83286b1cce702) (ScriptedImporter) -> (artifact id: '22d4a034a3415637274c232db03e58b6') in 0.1225985 seconds
Number of updated asset objects reloaded before import = 0Number of asset objects unloaded after import = 16

========================================================================
Received Import Request.
  Time since last request: 0.000023 seconds.
  path: Assets/Animations/NPC/NPChit.controller
  artifactKey: Guid(74b9e041a4c477a44b316ce604b44693) Importer(2089858483,192608db42251d675da83286b1cce702)
Start importing Assets/Animations/NPC/NPChit.controller using Guid(74b9e041a4c477a44b316ce604b44693) Importer(2089858483,192608db42251d675da83286b1cce702) (ScriptedImporter) -> (artifact id: '9494923f46149cc68cad09fbe9ab03ec') in 0.0945466 seconds
Number of updated asset objects reloaded before import = 0Number of asset objects unloaded after import = 4

========================================================================
Received Import Request.
  Time since last request: 0.000018 seconds.
  path: Assets/Animations/NPC/NPChit.anim
  artifactKey: Guid(ccc45aa1ff1984f4d97a40c5552574f4) Importer(2089858483,192608db42251d675da83286b1cce702)
Start importing Assets/Animations/NPC/NPChit.anim using Guid(ccc45aa1ff1984f4d97a40c5552574f4) Importer(2089858483,192608db42251d675da83286b1cce702) (ScriptedImporter) -> (artifact id: '754e1e75f34ea0e156dd98e1399705d2') in 0.0069574 seconds
Number of updated asset objects reloaded before import = 0Number of asset objects unloaded after import = 1

========================================================================
Received Import Request.
  Time since last request: 0.000023 seconds.
  path: Assets/Animations/Snowman/Snowman2.controller
  artifactKey: Guid(c7ac61511a7ce6a4598c7d8b50e7dcbd) Importer(2089858483,192608db42251d675da83286b1cce702)
Start importing Assets/Animations/Snowman/Snowman2.controller using Guid(c7ac61511a7ce6a4598c7d8b50e7dcbd) Importer(2089858483,192608db42251d675da83286b1cce702) (ScriptedImporter) -> (artifact id: 'ca8748b73a44f208c58128b6abb1df6f') in 0.0283371 seconds
Number of updated asset objects reloaded before import = 0Number of asset objects unloaded after import = 4

========================================================================
Received Import Request.
  Time since last request: 0.000016 seconds.
  path: Assets/_Recovery/0 (16).unity
  artifactKey: Guid(ebb1535e983da9646b0b21a399c997ba) Importer(2089858483,192608db42251d675da83286b1cce702)
Start importing Assets/_Recovery/0 (16).unity using Guid(ebb1535e983da9646b0b21a399c997ba) Importer(2089858483,192608db42251d675da83286b1cce702) (ScriptedImporter) -> (artifact id: '061a0f98fe3a2ceb10d9e8e1e631412f') in 0.0343112 seconds
Number of updated asset objects reloaded before import = 0Number of asset objects unloaded after import = 1

========================================================================
Received Import Request.
  Time since last request: 0.000015 seconds.
  path: Assets/Scenes/Intro.unity
  artifactKey: Guid(8c9cfa26abfee488c85f1582747f6a02) Importer(2089858483,192608db42251d675da83286b1cce702)
Start importing Assets/Scenes/Intro.unity using Guid(8c9cfa26abfee488c85f1582747f6a02) Importer(2089858483,192608db42251d675da83286b1cce702) (ScriptedImporter) -> (artifact id: 'c058160645b7d5914ad25e9c8958d20a') in 0.0389991 seconds
Number of updated asset objects reloaded before import = 0Number of asset objects unloaded after import = 1

========================================================================
Received Import Request.
  Time since last request: 0.000023 seconds.
  path: Assets/2D/Environment/Snow2overlay.png
  artifactKey: Guid(f77cf37c01915e540bb51f7e3d6af2c5) Importer(2089858483,192608db42251d675da83286b1cce702)
Start importing Assets/2D/Environment/Snow2overlay.png using Guid(f77cf37c01915e540bb51f7e3d6af2c5) Importer(2089858483,192608db42251d675da83286b1cce702) (ScriptedImporter) -> (artifact id: 'd38ae2e62945d39f88ea69007716a06c') in 0.0810796 seconds
Number of updated asset objects reloaded before import = 0Number of asset objects unloaded after import = 3

========================================================================
Received Import Request.
  Time since last request: 0.000016 seconds.
  path: Assets/_Recovery/0 (17).unity
  artifactKey: Guid(1aa6c37d58f74df4ba66a531b6eb8790) Importer(2089858483,192608db42251d675da83286b1cce702)
Start importing Assets/_Recovery/0 (17).unity using Guid(1aa6c37d58f74df4ba66a531b6eb8790) Importer(2089858483,192608db42251d675da83286b1cce702) (ScriptedImporter) -> (artifact id: '0a2ac1f1c8cd1ea8fc75d8b0656776cd') in 0.0462566 seconds
Number of updated asset objects reloaded before import = 0Number of asset objects unloaded after import = 1

========================================================================
Received Import Request.
  Time since last request: 0.000017 seconds.
  path: Assets/Resources/Prefabs/Snowman1.prefab
  artifactKey: Guid(dd0f39581ea95544a83eccb2e383e128) Importer(2089858483,192608db42251d675da83286b1cce702)
Start importing Assets/Resources/Prefabs/Snowman1.prefab using Guid(dd0f39581ea95544a83eccb2e383e128) Importer(2089858483,192608db42251d675da83286b1cce702) (ScriptedImporter) -> (artifact id: '16ecd650fdefb188c4279e777f17236c') in 0.0893639 seconds
Number of updated asset objects reloaded before import = 0Number of asset objects unloaded after import = 12

========================================================================
Received Import Request.
  Time since last request: 0.000023 seconds.
  path: Assets/Animations/JunRigged/SpeakActually.anim
  artifactKey: Guid(e9e64f27da311184690e332b9175773c) Importer(2089858483,192608db42251d675da83286b1cce702)
Start importing Assets/Animations/JunRigged/SpeakActually.anim using Guid(e9e64f27da311184690e332b9175773c) Importer(2089858483,192608db42251d675da83286b1cce702) (ScriptedImporter) -> (artifact id: 'e13151eb6e4b1ccf00eaf6b81c6fadd6') in 0.4374516 seconds
Number of updated asset objects reloaded before import = 0Number of asset objects unloaded after import = 1

========================================================================
Received Import Request.
  Time since last request: 0.000017 seconds.
  path: Assets/2D/Environment/MainMenuBackground_2.png
  artifactKey: Guid(5ff4c10e89276994395b78b387516db8) Importer(2089858483,192608db42251d675da83286b1cce702)
Start importing Assets/2D/Environment/MainMenuBackground_2.png using Guid(5ff4c10e89276994395b78b387516db8) Importer(2089858483,192608db42251d675da83286b1cce702) (ScriptedImporter) -> (artifact id: 'f8cc1b417d81ab5047f92e8e064813bb') in 0.0256931 seconds
Number of updated asset objects reloaded before import = 0Number of asset objects unloaded after import = 3

========================================================================
Received Import Request.
  Time since last request: 0.000033 seconds.
  path: Assets/Animations/UI/OutOfAmmo.anim
  artifactKey: Guid(5f7fc3a589251d44fa1d9d2420f8951f) Importer(2089858483,192608db42251d675da83286b1cce702)
Start importing Assets/Animations/UI/OutOfAmmo.anim using Guid(5f7fc3a589251d44fa1d9d2420f8951f) Importer(2089858483,192608db42251d675da83286b1cce702) (ScriptedImporter) -> (artifact id: '3557d15b7a393e5c9e1b2d576b14b80e') in 0.0075227 seconds
Number of updated asset objects reloaded before import = 0Number of asset objects unloaded after import = 1

========================================================================
Received Import Request.
  Time since last request: 0.000014 seconds.
  path: Assets/2D/Environment/Particle1.png
  artifactKey: Guid(719a5129052c62f428832cdf394b8464) Importer(2089858483,192608db42251d675da83286b1cce702)
Start importing Assets/2D/Environment/Particle1.png using Guid(719a5129052c62f428832cdf394b8464) Importer(2089858483,192608db42251d675da83286b1cce702) (ScriptedImporter) -> (artifact id: '4b4bfd1107984dc9862b050787912fc7') in 0.0139628 seconds
Number of updated asset objects reloaded before import = 0Number of asset objects unloaded after import = 3

========================================================================
Received Import Request.
  Time since last request: 0.000028 seconds.
  path: Assets/2D/Environment/MainMenuBackground_1.png
  artifactKey: Guid(524f0e589421d254084d880cd4af975c) Importer(2089858483,192608db42251d675da83286b1cce702)
Start importing Assets/2D/Environment/MainMenuBackground_1.png using Guid(524f0e589421d254084d880cd4af975c) Importer(2089858483,192608db42251d675da83286b1cce702) (ScriptedImporter) -> (artifact id: '47c931b793ee187921f800cae98f3124') in 0.0224777 seconds
Number of updated asset objects reloaded before import = 0Number of asset objects unloaded after import = 3

========================================================================
Received Import Request.
  Time since last request: 0.000023 seconds.
  path: Assets/Animations/Snowman/Appear1.anim
  artifactKey: Guid(d5e4a277f09104f44b610b2777dfed73) Importer(2089858483,192608db42251d675da83286b1cce702)
Start importing Assets/Animations/Snowman/Appear1.anim using Guid(d5e4a277f09104f44b610b2777dfed73) Importer(2089858483,192608db42251d675da83286b1cce702) (ScriptedImporter) -> (artifact id: '87e0aa831120b5b7f827669cef206130') in 0.006749 seconds
Number of updated asset objects reloaded before import = 0Number of asset objects unloaded after import = 1

========================================================================
Received Import Request.
  Time since last request: 0.000015 seconds.
  path: Assets/Scripts/SpecificEvents/Obstacles/ButtonRight.cs
  artifactKey: Guid(fe128363cc96b3e42a98c0231529859b) Importer(2089858483,192608db42251d675da83286b1cce702)
Start importing Assets/Scripts/SpecificEvents/Obstacles/ButtonRight.cs using Guid(fe128363cc96b3e42a98c0231529859b) Importer(2089858483,192608db42251d675da83286b1cce702) (ScriptedImporter) -> (artifact id: '903e49e0279644a63b2efa430f6993e5') in 0.0048968 seconds
Number of updated asset objects reloaded before import = 0Number of asset objects unloaded after import = 0

========================================================================
Received Import Request.
  Time since last request: 0.000017 seconds.
  path: Assets/InputSystem_Actions.inputactions
  artifactKey: Guid(2bcd2660ca9b64942af0de543d8d7100) Importer(2089858483,192608db42251d675da83286b1cce702)
Start importing Assets/InputSystem_Actions.inputactions using Guid(2bcd2660ca9b64942af0de543d8d7100) Importer(2089858483,192608db42251d675da83286b1cce702) (ScriptedImporter) -> (artifact id: 'c92ef0976b1d3e1f440ec13c0336407b') in 0.2942079 seconds
Number of updated asset objects reloaded before import = 0Number of asset objects unloaded after import = 14

========================================================================
Received Prepare
Refreshing native plugins compatible for Editor in 4.29 ms, found 4 plugins.
Preloading 0 native plugins for Editor in 0.00 ms.
Unloading 14 Unused Serialized files (Serialized files now loaded: 0)
Unloading 6781 unused Assets / (4.3 MB). Loaded Objects now: 7558.
Memory consumption went from 146.8 MB to 142.5 MB.
Total: 19.087300 ms (FindLiveObjects: 0.780800 ms CreateObjectMapping: 0.752500 ms MarkObjects: 14.667300 ms  DeleteObjects: 2.885700 ms)

Prepare: number of updated asset objects reloaded= 0
========================================================================
Received Prepare
Begin MonoManager ReloadAssembly
[Licensing::Client] Successfully resolved entitlement details
- Loaded All Assemblies, in  3.510 seconds
Refreshing native plugins compatible for Editor in 5.72 ms, found 4 plugins.
Native extension for Android target not found
Native extension for WindowsStandalone target not found
Native extension for OSXStandalone target not found
Native extension for WebGL target not found
[Package Manager] Failed to launch server process. Reason: Unity was launched with the -noUpm command-line argument
[Package Manager] Unable to send message (not connected to server process).
[Package Manager] Cannot connect to Unity Package Manager local server
Mono: successfully reloaded assembly
- Finished resetting the current domain, in  1.226 seconds
Domain Reload Profiling: 4716ms
	BeginReloadAssembly (574ms)
		ExecutionOrderSort (0ms)
		DisableScriptedObjects (23ms)
		BackupInstance (0ms)
		ReleaseScriptingObjects (0ms)
		CreateAndSetChildDomain (85ms)
	RebuildCommonClasses (69ms)
	RebuildNativeTypeToScriptingClass (20ms)
	initialDomainReloadingComplete (61ms)
	LoadAllAssembliesAndSetupDomain (2766ms)
		LoadAssemblies (2560ms)
		RebuildTransferFunctionScriptingTraits (0ms)
		AnalyzeDomain (539ms)
			TypeCache.Refresh (20ms)
				TypeCache.ScanAssembly (1ms)
			BuildScriptInfoCaches (489ms)
			ResolveRequiredComponents (23ms)
	FinalizeReload (1226ms)
		ReleaseScriptCaches (0ms)
		RebuildScriptCaches (0ms)
		SetupLoadedEditorAssemblies (956ms)
			LogAssemblyErrors (0ms)
			InitializePlatformSupportModulesInManaged (18ms)
			SetLoadedEditorAssemblies (5ms)
			BeforeProcessingInitializeOnLoad (280ms)
			ProcessInitializeOnLoadAttributes (531ms)
			ProcessInitializeOnLoadMethodAttributes (99ms)
			AfterProcessingInitializeOnLoad (23ms)
			EditorAssembliesLoaded (0ms)
		ExecutionOrderSort2 (0ms)
		AwakeInstancesAfterBackupRestoration (31ms)
Refreshing native plugins compatible for Editor in 4.79 ms, found 4 plugins.
Preloading 0 native plugins for Editor in 0.00 ms.
Unloading 14 Unused Serialized files (Serialized files now loaded: 0)
Unloading 6791 unused Assets / (4.1 MB). Loaded Objects now: 7561.
Memory consumption went from 146.2 MB to 142.1 MB.
Total: 13.729800 ms (FindLiveObjects: 0.779000 ms CreateObjectMapping: 1.066000 ms MarkObjects: 8.583100 ms  DeleteObjects: 3.300000 ms)

Prepare: number of updated asset objects reloaded= 0
========================================================================
Received Import Request.
  Time since last request: 58.734133 seconds.
  path: Assets/Scripts/Menu/Paralalax.cs
  artifactKey: Guid(fc94ae4726c1d884b8ca762502c0b378) Importer(815301076,1909f56bfc062723c751e8b465ee728b)
Start importing Assets/Scripts/Menu/Paralalax.cs using Guid(fc94ae4726c1d884b8ca762502c0b378) Importer(815301076,1909f56bfc062723c751e8b465ee728b) (PreviewImporter) -> (artifact id: '4c7faa7422c738ea715b4fc591fa86c3') in 0.0176552 seconds
Number of updated asset objects reloaded before import = 0Number of asset objects unloaded after import = 0

========================================================================
Received Prepare
Refreshing native plugins compatible for Editor in 6.00 ms, found 4 plugins.
Preloading 0 native plugins for Editor in 0.00 ms.
Unloading 14 Unused Serialized files (Serialized files now loaded: 0)
Unloading 6781 unused Assets / (3.3 MB). Loaded Objects now: 7561.
Memory consumption went from 146.4 MB to 143.1 MB.
Total: 12.873700 ms (FindLiveObjects: 0.767800 ms CreateObjectMapping: 0.622800 ms MarkObjects: 9.225800 ms  DeleteObjects: 2.256300 ms)

Prepare: number of updated asset objects reloaded= 0
========================================================================
Received Prepare
Begin MonoManager ReloadAssembly
[Licensing::Client] Successfully resolved entitlement details
- Loaded All Assemblies, in  1.291 seconds
Refreshing native plugins compatible for Editor in 4.96 ms, found 4 plugins.
Native extension for Android target not found
Native extension for WindowsStandalone target not found
Native extension for OSXStandalone target not found
Native extension for WebGL target not found
[Package Manager] Failed to launch server process. Reason: Unity was launched with the -noUpm command-line argument
[Package Manager] Unable to send message (not connected to server process).
[Package Manager] Cannot connect to Unity Package Manager local server
Mono: successfully reloaded assembly
- Finished resetting the current domain, in  1.134 seconds
Domain Reload Profiling: 2404ms
	BeginReloadAssembly (339ms)
		ExecutionOrderSort (0ms)
		DisableScriptedObjects (23ms)
		BackupInstance (0ms)
		ReleaseScriptingObjects (0ms)
		CreateAndSetChildDomain (68ms)
	RebuildCommonClasses (49ms)
	RebuildNativeTypeToScriptingClass (18ms)
	initialDomainReloadingComplete (54ms)
	LoadAllAssembliesAndSetupDomain (810ms)
		LoadAssemblies (658ms)
		RebuildTransferFunctionScriptingTraits (0ms)
		AnalyzeDomain (294ms)
			TypeCache.Refresh (12ms)
				TypeCache.ScanAssembly (0ms)
			BuildScriptInfoCaches (263ms)
			ResolveRequiredComponents (16ms)
	FinalizeReload (1134ms)
		ReleaseScriptCaches (0ms)
		RebuildScriptCaches (0ms)
		SetupLoadedEditorAssemblies (858ms)
			LogAssemblyErrors (0ms)
			InitializePlatformSupportModulesInManaged (19ms)
			SetLoadedEditorAssemblies (7ms)
			BeforeProcessingInitializeOnLoad (246ms)
			ProcessInitializeOnLoadAttributes (481ms)
			ProcessInitializeOnLoadMethodAttributes (86ms)
			AfterProcessingInitializeOnLoad (19ms)
			EditorAssembliesLoaded (0ms)
		ExecutionOrderSort2 (0ms)
		AwakeInstancesAfterBackupRestoration (25ms)
Refreshing native plugins compatible for Editor in 4.64 ms, found 4 plugins.
Preloading 0 native plugins for Editor in 0.00 ms.
Unloading 14 Unused Serialized files (Serialized files now loaded: 0)
Unloading 6791 unused Assets / (4.3 MB). Loaded Objects now: 7564.
Memory consumption went from 146.3 MB to 142.0 MB.
Total: 11.598000 ms (FindLiveObjects: 0.846400 ms CreateObjectMapping: 1.086700 ms MarkObjects: 6.734500 ms  DeleteObjects: 2.929100 ms)

Prepare: number of updated asset objects reloaded= 0
========================================================================
Received Prepare
Begin MonoManager ReloadAssembly
- Loaded All Assemblies, in  1.241 seconds
Refreshing native plugins compatible for Editor in 4.59 ms, found 4 plugins.
Native extension for Android target not found
Native extension for WindowsStandalone target not found
Native extension for OSXStandalone target not found
Native extension for WebGL target not found
[Package Manager] Failed to launch server process. Reason: Unity was launched with the -noUpm command-line argument
[Package Manager] Unable to send message (not connected to server process).
[Package Manager] Cannot connect to Unity Package Manager local server
Mono: successfully reloaded assembly
- Finished resetting the current domain, in  1.055 seconds
Domain Reload Profiling: 2276ms
	BeginReloadAssembly (333ms)
		ExecutionOrderSort (0ms)
		DisableScriptedObjects (22ms)
		BackupInstance (0ms)
		ReleaseScriptingObjects (0ms)
		CreateAndSetChildDomain (61ms)
	RebuildCommonClasses (47ms)
	RebuildNativeTypeToScriptingClass (17ms)
	initialDomainReloadingComplete (56ms)
	LoadAllAssembliesAndSetupDomain (768ms)
		LoadAssemblies (629ms)
		RebuildTransferFunctionScriptingTraits (0ms)
		AnalyzeDomain (288ms)
			TypeCache.Refresh (9ms)
				TypeCache.ScanAssembly (0ms)
			BuildScriptInfoCaches (251ms)
			ResolveRequiredComponents (23ms)
	FinalizeReload (1056ms)
		ReleaseScriptCaches (0ms)
		RebuildScriptCaches (0ms)
		SetupLoadedEditorAssemblies (826ms)
			LogAssemblyErrors (0ms)
			InitializePlatformSupportModulesInManaged (16ms)
			SetLoadedEditorAssemblies (7ms)
			BeforeProcessingInitializeOnLoad (231ms)
			ProcessInitializeOnLoadAttributes (464ms)
			ProcessInitializeOnLoadMethodAttributes (88ms)
			AfterProcessingInitializeOnLoad (20ms)
			EditorAssembliesLoaded (0ms)
		ExecutionOrderSort2 (0ms)
		AwakeInstancesAfterBackupRestoration (27ms)
Refreshing native plugins compatible for Editor in 4.40 ms, found 4 plugins.
Preloading 0 native plugins for Editor in 0.00 ms.
Unloading 14 Unused Serialized files (Serialized files now loaded: 0)
Unloading 6791 unused Assets / (3.8 MB). Loaded Objects now: 7567.
Memory consumption went from 146.3 MB to 142.5 MB.
Total: 9.905200 ms (FindLiveObjects: 0.818300 ms CreateObjectMapping: 0.763700 ms MarkObjects: 5.810200 ms  DeleteObjects: 2.511800 ms)

Prepare: number of updated asset objects reloaded= 0
AssetImportWorkerClient::OnTransportError - code=10054 error=Se ha forzado la interrupción de una conexión existente por el host remoto.
